Archive member included because of file (symbol)

c:/program files (x86)/gnu tools arm embedded/4.9 2015q1/bin/../lib/gcc/arm-none-eabi/4.9.3/armv7e-m\libgcc.a(_arm_addsubdf3.o)
                              ..\obj\datalogger.o (__aeabi_dsub)
c:/program files (x86)/gnu tools arm embedded/4.9 2015q1/bin/../lib/gcc/arm-none-eabi/4.9.3/armv7e-m\libgcc.a(_arm_muldivdf3.o)
                              ..\obj\datalogger.o (__aeabi_dmul)
c:/program files (x86)/gnu tools arm embedded/4.9 2015q1/bin/../lib/gcc/arm-none-eabi/4.9.3/armv7e-m\libgcc.a(_arm_cmpdf2.o)
                              ..\obj\datalogger.o (__aeabi_dcmpeq)
c:/program files (x86)/gnu tools arm embedded/4.9 2015q1/bin/../lib/gcc/arm-none-eabi/4.9.3/armv7e-m\libgcc.a(_arm_unorddf2.o)
                              ..\obj\datalogger.o (__aeabi_dcmpun)
c:/program files (x86)/gnu tools arm embedded/4.9 2015q1/bin/../lib/gcc/arm-none-eabi/4.9.3/armv7e-m\libgcc.a(_arm_fixdfsi.o)
                              ..\obj\datalogger.o (__aeabi_d2iz)
c:/program files (x86)/gnu tools arm embedded/4.9 2015q1/bin/../lib/gcc/arm-none-eabi/4.9.3/armv7e-m\libgcc.a(_arm_fixunsdfsi.o)
                              ..\obj\oneWire.o (__aeabi_d2uiz)
c:/program files (x86)/gnu tools arm embedded/4.9 2015q1/bin/../lib/gcc/arm-none-eabi/4.9.3/armv7e-m\libgcc.a(_arm_truncdfsf2.o)
                              ..\obj\datalogger.o (__aeabi_d2f)
c:/program files (x86)/gnu tools arm embedded/4.9 2015q1/bin/../lib/gcc/arm-none-eabi/4.9.3/armv7e-m\libgcc.a(_arm_addsubsf3.o)
                              ..\obj\datalogger.o (__aeabi_fsub)
c:/program files (x86)/gnu tools arm embedded/4.9 2015q1/bin/../lib/gcc/arm-none-eabi/4.9.3/armv7e-m\libgcc.a(_arm_muldivsf3.o)
                              ..\obj\datalogger.o (__aeabi_fmul)
c:/program files (x86)/gnu tools arm embedded/4.9 2015q1/bin/../lib/gcc/arm-none-eabi/4.9.3/armv7e-m\libgcc.a(_arm_cmpsf2.o)
                              ..\obj\datalogger.o (__aeabi_fcmplt)
c:/program files (x86)/gnu tools arm embedded/4.9 2015q1/bin/../lib/gcc/arm-none-eabi/4.9.3/armv7e-m\libgcc.a(_arm_fixsfsi.o)
                              ..\obj\datalogger.o (__aeabi_f2iz)
c:/program files (x86)/gnu tools arm embedded/4.9 2015q1/bin/../lib/gcc/arm-none-eabi/4.9.3/../../../../arm-none-eabi/lib/armv7e-m\libg.a(lib_a-strcat.o)
                              ..\obj\datalogger.o (strcat)
c:/program files (x86)/gnu tools arm embedded/4.9 2015q1/bin/../lib/gcc/arm-none-eabi/4.9.3/../../../../arm-none-eabi/lib/armv7e-m\libg.a(lib_a-strcpy.o)
                              c:/program files (x86)/gnu tools arm embedded/4.9 2015q1/bin/../lib/gcc/arm-none-eabi/4.9.3/../../../../arm-none-eabi/lib/armv7e-m\libg.a(lib_a-strcat.o) (strcpy)
c:/program files (x86)/gnu tools arm embedded/4.9 2015q1/bin/../lib/gcc/arm-none-eabi/4.9.3/../../../../arm-none-eabi/lib/armv7e-m\libg.a(lib_a-strlen.o)
                              ..\obj\datalogger.o (strlen)

Allocating common symbols
Common symbol       size              file

j                   0x4               ..\obj\datalogger.o
usedTimer           0x2               ..\obj\oneWire.o
internalSign        0x2               ..\obj\datalogger.o
internalT           0x2               ..\obj\datalogger.o
ulPeriod            0x4               ..\obj\datalogger.o
iTemp               0x2               ..\obj\datalogger.o
oneWirePort         0xc               ..\obj\datalogger.o
allRoms             0x38              ..\obj\datalogger.o
data                0x9               ..\obj\datalogger.o
internalDec         0x4               ..\obj\datalogger.o
Ts_internal         0x8               ..\obj\datalogger.o
_USDELAY_BASE       0x4               ..\obj\delay.o
Ts_sign             0x2               ..\obj\datalogger.o
_MSDELAY_BASE       0x4               ..\obj\delay.o

Discarded input sections

 .text          0x00000000        0x0 ..\obj\hibernate.o
 .data          0x00000000        0x0 ..\obj\hibernate.o
 .bss           0x00000000        0x0 ..\obj\hibernate.o
 .text._HibernateWriteComplete
                0x00000000       0x1c ..\obj\hibernate.o
 .text.HibernateEnableExpClk
                0x00000000       0x24 ..\obj\hibernate.o
 .text.HibernateDisable
                0x00000000       0x1c ..\obj\hibernate.o
 .text.HibernateClockConfig
                0x00000000       0x70 ..\obj\hibernate.o
 .text.HibernateRTCEnable
                0x00000000       0x1c ..\obj\hibernate.o
 .text.HibernateRTCDisable
                0x00000000       0x1c ..\obj\hibernate.o
 .text.HibernateBatCheckStart
                0x00000000       0x1c ..\obj\hibernate.o
 .text.HibernateBatCheckDone
                0x00000000       0x1c ..\obj\hibernate.o
 .text.HibernateWakeSet
                0x00000000       0x8c ..\obj\hibernate.o
 .text.HibernateWakeGet
                0x00000000       0x58 ..\obj\hibernate.o
 .text.HibernateLowBatSet
                0x00000000       0x2c ..\obj\hibernate.o
 .text.HibernateLowBatGet
[...]
Memory Configuration

Name             Origin             Length             Attributes
rom              0x00000000         0x00040000         xr
ram              0x20000000         0x00008000         xrw
*default*        0x00000000         0xffffffff

Linker script and memory map

                0x20008000                _eram = 0x20008000

.text           0x00000000     0x3698
 *(.isr_vector)
 .isr_vector    0x00000000      0x26c ..\obj\startup_Cortex_M4.o
                0x00000000                g_pfnVectors
 *(.text*)
 .text.delayMS  0x0000026c       0x24 ..\obj\delay.o
                0x0000026c                delayMS
 .text.Initialize
                0x00000290       0x24 ..\obj\datalogger.o
                0x00000290                Initialize
 .text.InitClock
                0x000002b4       0x44 ..\obj\datalogger.o
                0x000002b4                InitClock
 .text.InitGPIO
                0x000002f8       0x64 ..\obj\datalogger.o
                0x000002f8                InitGPIO
 .text.InitGPIOInt
                0x0000035c       0x20 ..\obj\datalogger.o
                0x0000035c                InitGPIOInt
 .text.InitOneWire
                0x0000037c       0x38 ..\obj\datalogger.o
                0x0000037c                InitOneWire
 .text.InitSDCard
                0x000003b4       0x30 ..\obj\datalogger.o
                0x000003b4                InitSDCard
 .text.InitI2C3
                0x000003e4       0x54 ..\obj\datalogger.o
                0x000003e4                InitI2C3
 .text.InitSPI1
                0x00000438       0xdc ..\obj\datalogger.o
                0x00000438                InitSPI1
 .text.OneWiregetROMs
                0x00000514       0x2c ..\obj\datalogger.o
                0x00000514                OneWiregetROMs
 .text.OneWireStartConvertion
                0x00000540       0x1c ..\obj\datalogger.o
                0x00000540                OneWireStartConvertion
 .text.OneWireGetTemp
                0x0000055c      0x248 ..\obj\datalogger.o
                0x0000055c                OneWireGetTemp
 .text.I2CMasterInitExpClk
                0x000007a4       0x98 ..\obj\i2c.o
                0x000007a4                I2CMasterInitExpClk
 .text.I2CMasterEnable
                0x0000083c       0x24 ..\obj\i2c.o
                0x0000083c                I2CMasterEnable
 .text._TimerIntNumberGet
                0x00000860       0x8c ..\obj\timer.o
 .text.TimerEnable
                0x000008ec       0x2c ..\obj\timer.o
                0x000008ec                TimerEnable
 .text.TimerConfigure
                0x00000918       0xa8 ..\obj\timer.o
                0x00000918                TimerConfigure
 .text.TimerLoadSet
                0x000009c0       0x3c ..\obj\timer.o
                0x000009c0                TimerLoadSet
 .text.TimerIntRegister
                0x000009fc       0x2c ..\obj\timer.o
                0x000009fc                TimerIntRegister
 .text.TimerIntEnable
                0x00000a28       0x28 ..\obj\timer.o
                0x00000a28                TimerIntEnable
 .text.TimerIntDisable
                0x00000a50       0x28 ..\obj\timer.o
                0x00000a50                TimerIntDisable
 .text.TimerIntClear
                0x00000a78       0x20 ..\obj\timer.o
                0x00000a78                TimerIntClear
 .text.FPULazyStackingEnable
                0x00000a98       0x1c ..\obj\fpu.o
                0x00000a98                FPULazyStackingEnable
 .text.main     0x00000ab4       0x6c ..\obj\main.o
                0x00000ab4                main
 .text.SysCtlPeripheralReady
                0x00000b20       0x54 ..\obj\sysctl.o
                0x00000b20                SysCtlPeripheralReady
 .text.SysCtlPeripheralEnable
                0x00000b74       0x4c ..\obj\sysctl.o
                0x00000b74                SysCtlPeripheralEnable
 .text.SysCtlDelay
                0x00000bc0        0x8 ..\obj\sysctl.o
                0x00000bc0                SysCtlDelay
 .text.SysCtlClockSet
                0x00000bc8      0x1f4 ..\obj\sysctl.o
                0x00000bc8                SysCtlClockSet
 .text.SysCtlClockGet
                0x00000dbc      0x204 ..\obj\sysctl.o
                0x00000dbc                SysCtlClockGet
 .text.GPIODirModeSet
                0x00000fc0       0x78 ..\obj\gpio.o
                0x00000fc0                GPIODirModeSet
 .text.GPIOIntTypeSet
                0x00001038       0xd8 ..\obj\gpio.o
                0x00001038                GPIOIntTypeSet
 .text.GPIOPadConfigSet
                0x00001110      0x2bc ..\obj\gpio.o
                0x00001110                GPIOPadConfigSet
 .text.GPIOIntEnable
                0x000013cc       0x2c ..\obj\gpio.o
                0x000013cc                GPIOIntEnable
 .text.GPIOPinRead
                0x000013f8       0x24 ..\obj\gpio.o
                0x000013f8                GPIOPinRead
 .text.GPIOPinWrite
                0x0000141c       0x2c ..\obj\gpio.o
                0x0000141c                GPIOPinWrite
 .text.GPIOPinTypeGPIOInput
                0x00001448       0x2c ..\obj\gpio.o
                0x00001448                GPIOPinTypeGPIOInput
 .text.GPIOPinTypeGPIOOutput
                0x00001474       0x2c ..\obj\gpio.o
                0x00001474                GPIOPinTypeGPIOOutput
 .text.GPIOPinTypeI2C
                0x000014a0       0x2c ..\obj\gpio.o
                0x000014a0                GPIOPinTypeI2C
 .text.GPIOPinTypeI2CSCL
                0x000014cc       0x2c ..\obj\gpio.o
                0x000014cc                GPIOPinTypeI2CSCL
 .text.GPIOPinTypeSSI
                0x000014f8       0x2c ..\obj\gpio.o
                0x000014f8                GPIOPinTypeSSI
 .text.GPIOPinConfigure
                0x00001524       0x84 ..\obj\gpio.o
                0x00001524                GPIOPinConfigure
 .text.IntMasterEnable
                0x000015a8       0x18 ..\obj\interrupt.o
                0x000015a8                IntMasterEnable
 .text.IntRegister
                0x000015c0       0x64 ..\obj\interrupt.o
                0x000015c0                IntRegister
 .text.IntEnable
                0x00001624       0x94 ..\obj\interrupt.o
                0x00001624                IntEnable
 .text.IntDisable
                0x000016b8       0x94 ..\obj\interrupt.o
                0x000016b8                IntDisable
 .text.SSIConfigSetExpClk
                0x0000174c       0x8c ..\obj\ssi.o
                0x0000174c                SSIConfigSetExpClk
 .text.SSIEnable
                0x000017d8       0x24 ..\obj\ssi.o
                0x000017d8                SSIEnable
 .text.SSIClockSourceSet
                0x000017fc       0x20 ..\obj\ssi.o
                0x000017fc                SSIClockSourceSet
 .text.timmerISR
                0x0000181c       0x34 ..\obj\oneWire.o
 .text.timerInit
                0x00001850       0xc0 ..\obj\oneWire.o
                0x00001850                timerInit
 .text.timerDelayUs
                0x00001910       0xfc ..\obj\oneWire.o
                0x00001910                timerDelayUs
 .text.oneWireInit
                0x00001a0c       0x48 ..\obj\oneWire.o
                0x00001a0c                oneWireInit
 .text.oneWireResetPulse
                0x00001a54       0x8c ..\obj\oneWire.o
                0x00001a54                oneWireResetPulse
 .text._oneWireWrite
                0x00001ae0       0xb0 ..\obj\oneWire.o
                0x00001ae0                _oneWireWrite
 .text._oneWireRead
                0x00001b90       0x90 ..\obj\oneWire.o
                0x00001b90                _oneWireRead
 .text._oneWriteSendByte
                0x00001c20       0x3c ..\obj\oneWire.o
                0x00001c20                _oneWriteSendByte
 .text.oneWireConvertTemp
                0x00001c5c       0x24 ..\obj\oneWire.o
                0x00001c5c                oneWireConvertTemp
 .text.oneWireReadMem
                0x00001c80       0xa4 ..\obj\oneWire.o
                0x00001c80                oneWireReadMem
 .text.oneWireSkipRom
                0x00001d24       0x18 ..\obj\oneWire.o
                0x00001d24                oneWireSkipRom
 .text.oneWireSelectDev
                0x00001d3c       0x60 ..\obj\oneWire.o
                0x00001d3c                oneWireSelectDev
 .text.oneWireSearchInit
                0x00001d9c       0x70 ..\obj\oneWire.o
                0x00001d9c                oneWireSearchInit
 .text.oneWireSearchDev
                0x00001e0c      0x378 ..\obj\oneWire.o
                0x00001e0c                oneWireSearchDev
 .text.oneWireCRC8
                0x00002184       0x4c ..\obj\oneWire.o
                0x00002184                oneWireCRC8
 .text.oneWireValidatePkg
                0x000021d0       0x70 ..\obj\oneWire.o
                0x000021d0                oneWireValidatePkg
 .text.Default_Reset_Handler
                0x00002240       0x68 ..\obj\startup_Cortex_M4.o
                0x00002240                Default_Reset_Handler
                0x00002240                Reset_Handler
 .text.Default_Handler
                0x000022a8        0x8 ..\obj\startup_Cortex_M4.o
                0x000022a8                PECI0_IRQHandler
                0x000022a8                GPIOPortP4_IRQHandler
                0x000022a8                PWM1Gen3_IRQHandler
                0x000022a8                DebugMon_Handler
                0x000022a8                QEI2_IRQHandler
                0x000022a8                FlashCtrl_IRQHandler
                0x000022a8                GPIOPortP7_IRQHandler
                0x000022a8                Timer0B_IRQHandler
                0x000022a8                I2C0_IRQHandler
                0x000022a8                HardFault_Handler
                0x000022a8                SysTick_Handler
                0x000022a8                PendSV_Handler
                0x000022a8                NMI_Handler
                0x000022a8                I2C1_IRQHandler
                0x000022a8                GPIOPortP5_IRQHandler
                0x000022a8                PWMGen0_IRQHandler
                0x000022a8                UART1_IRQHandler
                0x000022a8                CAN1_IRQHandler
                0x000022a8                Timer1B_IRQHandler
                0x000022a8                WTimer5A_IRQHandler
                0x000022a8                Watchdog_IRQHandler
                0x000022a8                GPIOPortS_IRQHandler
                0x000022a8                GPIOPortQ7_IRQHandler
                0x000022a8                PWM1Gen2_IRQHandler
                0x000022a8                UART0_IRQHandler
                0x000022a8                GPIOPortL_IRQHandler
                0x000022a8                SSI0_IRQHandler
                0x000022a8                GPIOPortM_IRQHandler
                0x000022a8                FPU_IRQHandler
                0x000022a8                UsageFault_Handler
                0x000022a8                ADCSeq1_IRQHandler
                0x000022a8                GPIOPortP0_IRQHandler
                0x000022a8                LPC0_IRQHandler
                0x000022a8                PWMFault_IRQHandler
                0x000022a8                I2C5_IRQHandler
                0x000022a8                I2C4_IRQHandler
                0x000022a8                GPIOPortQ5_IRQHandler
                0x000022a8                PWMGen1_IRQHandler
                0x000022a8                SSI1_IRQHandler
                0x000022a8                I2C2_IRQHandler
                0x000022a8                uDMA_IRQHandler
                0x000022a8                UART5_IRQHandler
                0x000022a8                GPIOPortC_IRQHandler
                0x000022a8                WTimer5B_IRQHandler
                0x000022a8                GPIOPortK_IRQHandler
                0x000022a8                ADCSeq2_IRQHandler
                0x000022a8                PWMGen2_IRQHandler
                0x000022a8                UART2_IRQHandler
                0x000022a8                GPIOPortP3_IRQHandler
                0x000022a8                ADC1Seq0_IRQHandler
                0x000022a8                UART4_IRQHandler
                0x000022a8                GPIOPortJ_IRQHandler
                0x000022a8                WTimer2B_IRQHandler
                0x000022a8                Timer5A_IRQHandler
                0x000022a8                WTimer0A_IRQHandler
                0x000022a8                Timer4A_IRQHandler
                0x000022a8                WTimer1A_IRQHandler
                0x000022a8                uDMAErr_IRQHandler
                0x000022a8                QEI1_IRQHandler
                0x000022a8                PWM1Fault_IRQHandler
                0x000022a8                GPIOPortP6_IRQHandler
                0x000022a8                WTimer3A_IRQHandler
                0x000022a8                QEI0_IRQHandler
                0x000022a8                WTimer1B_IRQHandler
                0x000022a8                ADC1Seq2_IRQHandler
                0x000022a8                ADC1Seq1_IRQHandler
                0x000022a8                PWMGen3_IRQHandler
                0x000022a8                GPIOPortD_IRQHandler
                0x000022a8                USB0_IRQHandler
                0x000022a8                I2C3_IRQHandler
                0x000022a8                WTimer0B_IRQHandler
                0x000022a8                MemManage_Handler
                0x000022a8                SVC_Handler
                0x000022a8                GPIOPortP2_IRQHandler
                0x000022a8                GPIOPortQ4_IRQHandler
                0x000022a8                Timer3B_IRQHandler
                0x000022a8                Timer3A_IRQHandler
                0x000022a8                GPIOPortA_IRQHandler
                0x000022a8                ADC1Seq3_IRQHandler
                0x000022a8                Timer0A_IRQHandler
                0x000022a8                GPIOPortP1_IRQHandler
                0x000022a8                ADCSeq0_IRQHandler
                0x000022a8                Timer1A_IRQHandler
                0x000022a8                GPIOPortG_IRQHandler
                0x000022a8                WTimer3B_IRQHandler
                0x000022a8                Fan0_IRQHandler
                0x000022a8                GPIOPortQ3_IRQHandler
                0x000022a8                GPIOPortQ1_IRQHandler
                0x000022a8                Timer5B_IRQHandler
                0x000022a8                ADCSeq3_IRQHandler
                0x000022a8                GPIOPortE_IRQHandler
                0x000022a8                WTimer4B_IRQHandler
                0x000022a8                CAN0_IRQHandler
                0x000022a8                GPIOPortQ0_IRQHandler
                0x000022a8                Comp0_IRQHandler
                0x000022a8                Comp1_IRQHandler
                0x000022a8                Comp2_IRQHandler
                0x000022a8                GPIOPortQ6_IRQHandler
                0x000022a8                SSI2_IRQHandler
                0x000022a8                PWM1Gen0_IRQHandler
                0x000022a8                GPIOPortF_IRQHandler
                0x000022a8                UART7_IRQHandler
                0x000022a8                UART6_IRQHandler
                0x000022a8                GPIOPortB_IRQHandler
                0x000022a8                CAN2_IRQHandler
                0x000022a8                GPIOPortH_IRQHandler
                0x000022a8                GPIOPortQ2_IRQHandler
                0x000022a8                GPIOPortR_IRQHandler
                0x000022a8                Timer4B_IRQHandler
                0x000022a8                BusFault_Handler
                0x000022a8                WTimer4A_IRQHandler
                0x000022a8                Timer2A_IRQHandler
                0x000022a8                SSI3_IRQHandler
                0x000022a8                Timer2B_IRQHandler
                0x000022a8                GPIOPortN_IRQHandler
                0x000022a8                UART3_IRQHandler
                0x000022a8                SysCtrl_IRQHandler
                0x000022a8                WTimer2A_IRQHandler
                0x000022a8                Hibernate_IRQHandler
                0x000022a8                PWM1Gen1_IRQHandler
 .text.CPUcpsie
                0x000022b0       0x10 ..\obj\cpu.o
                0x000022b0                CPUcpsie
 .text          0x000022c0      0x370 c:/program files (x86)/gnu tools arm embedded/4.9 2015q1/bin/../lib/gcc/arm-none-eabi/4.9.3/armv7e-m\libgcc.a(_arm_addsubdf3.o)
                0x000022c0                __aeabi_drsub
                0x000022c8                __aeabi_dsub
                0x000022c8                __subdf3
                0x000022cc                __aeabi_dadd
                0x000022cc                __adddf3
                0x00002544                __floatunsidf
                0x00002544                __aeabi_ui2d
                0x00002564                __floatsidf
                0x00002564                __aeabi_i2d
                0x00002588                __aeabi_f2d
                0x00002588                __extendsfdf2
                0x000025c4                __floatundidf
                0x000025c4                __aeabi_ul2d
                0x000025d4                __floatdidf
                0x000025d4                __aeabi_l2d
 .text          0x00002630      0x424 c:/program files (x86)/gnu tools arm embedded/4.9 2015q1/bin/../lib/gcc/arm-none-eabi/4.9.3/armv7e-m\libgcc.a(_arm_muldivdf3.o)
                0x00002630                __aeabi_dmul
                0x00002630                __muldf3
                0x00002884                __divdf3
                0x00002884                __aeabi_ddiv
 .text          0x00002a54      0x110 c:/program files (x86)/gnu tools arm embedded/4.9 2015q1/bin/../lib/gcc/arm-none-eabi/4.9.3/armv7e-m\libgcc.a(_arm_cmpdf2.o)
                0x00002a54                __gtdf2
                0x00002a54                __gedf2
                0x00002a5c                __ltdf2
                0x00002a5c                __ledf2
                0x00002a64                __nedf2
                0x00002a64                __eqdf2
                0x00002a64                __cmpdf2
                0x00002ae0                __aeabi_cdrcmple
                0x00002af0                __aeabi_cdcmpeq
                0x00002af0                __aeabi_cdcmple
                0x00002b00                __aeabi_dcmpeq
                0x00002b14                __aeabi_dcmplt
                0x00002b28                __aeabi_dcmple
                0x00002b3c                __aeabi_dcmpge
                0x00002b50                __aeabi_dcmpgt
 .text          0x00002b64       0xa0 c:/program files (x86)/gnu tools arm embedded/4.9 2015q1/bin/../lib/gcc/arm-none-eabi/4.9.3/armv7e-m\libgcc.a(_arm_truncdfsf2.o)
                0x00002b64                __truncdfsf2
                0x00002b64                __aeabi_d2f
 .text          0x00002c04      0x21c c:/program files (x86)/gnu tools arm embedded/4.9 2015q1/bin/../lib/gcc/arm-none-eabi/4.9.3/armv7e-m\libgcc.a(_arm_addsubsf3.o)
                0x00002c04                __aeabi_frsub
                0x00002c0c                __subsf3
                0x00002c0c                __aeabi_fsub
                0x00002c10                __aeabi_fadd
                0x00002c10                __addsf3
                0x00002d70                __aeabi_ui2f
                0x00002d70                __floatunsisf
                0x00002d78                __aeabi_i2f
                0x00002d78                __floatsisf
                0x00002d94                __aeabi_ul2f
                0x00002d94                __floatundisf
                0x00002da4                __aeabi_l2f
                0x00002da4                __floatdisf
 .text          0x00002e20      0x2a0 c:/program files (x86)/gnu tools arm embedded/4.9 2015q1/bin/../lib/gcc/arm-none-eabi/4.9.3/armv7e-m\libgcc.a(_arm_muldivsf3.o)
                0x00002e20                __mulsf3
                0x00002e20                __aeabi_fmul
                0x00002f88                __aeabi_fdiv
                0x00002f88                __divsf3
 *(.init)
 *(.fini)
 *crtbegin.o(.ctors)
 *crtbegin?.o(.ctors)
 *(EXCLUDE_FILE(*crtend.o *crtend?.o) .ctors)
 *(SORT(.ctors.*))
 *(.ctors)
 *crtbegin.o(.dtors)
 *crtbegin?.o(.dtors)
 *(EXCLUDE_FILE(*crtend.o *crtend?.o) .dtors)
 *(SORT(.dtors.*))
 *(.dtors)
 *(.rodata*)
 .rodata        0x000030c0       0xa8 ..\obj\timer.o
 .rodata        0x00003168      0x1c4 ..\obj\sysctl.o
 .rodata        0x0000332c      0x218 ..\obj\gpio.o
 .rodata        0x00003544      0x10c ..\obj\interrupt.o
 .rodata        0x00003650       0x48 ..\obj\oneWire.o
                0x00003650                timerList
 *(.eh_fram e*)

.glue_7         0x00003698        0x0
 .glue_7        0x00000000        0x0 linker stubs

.glue_7t        0x00003698        0x0
 .glue_7t       0x00000000        0x0 linker stubs

.vfp11_veneer   0x00003698        0x0
 .vfp11_veneer  0x00000000        0x0 linker stubs

.v4_bx          0x00003698        0x0
 .v4_bx         0x00000000        0x0 linker stubs

.iplt           0x00003698        0x0
 .iplt          0x00000000        0x0 ..\obj\hibernate.o

.rel.dyn        0x00003698        0x0
 .rel.iplt      0x00000000        0x0 ..\obj\hibernate.o

.ARM.extab
 *(.ARM.extab* .gnu.linkonce.armextab.*)
                0x00003698                __exidx_start = .

.ARM.exidx
 *(.ARM.exidx* .gnu.linkonce.armexidx.*)
                0x00003698                __exidx_end = .
                0x00003698                __etext = .
                0x00003698                _sidata = __etext

.data           0x20000000      0x404 load address 0x00003698
                0x20000000                __data_start__ = .
                0x20000000                _sdata = __data_start__
 *(vtable)
 vtable         0x20000000      0x400 ..\obj\interrupt.o
 *(.data*)
 .data          0x20000400        0x4 ..\obj\oneWire.o
                0x20000404                . = ALIGN (0x4)
                0x20000404                PROVIDE (__preinit_array_start, .)
 *(.preinit_array)
                0x20000404                PROVIDE (__preinit_array_end, .)
                0x20000404                . = ALIGN (0x4)
                0x20000404                PROVIDE (__init_array_start, .)
 *(SORT(.init_array.*))
 *(.init_array)
                0x20000404                PROVIDE (__init_array_end, .)
                0x20000404                . = ALIGN (0x4)
                0x20000404                PROVIDE (__fini_array_start, .)
 *(SORT(.fini_array.*))
 *(.fini_array)
                0x20000404                PROVIDE (__fini_array_end, .)
 *(.jcr*)
                0x20000404                . = ALIGN (0x4)
                0x20000404                __data_end__ = .
                0x20000404                _edata = __data_end__

.igot.plt       0x20000404        0x0 load address 0x00003a9c
 .igot.plt      0x00000000        0x0 ..\obj\hibernate.o

.bss            0x20000408       0xd0 load address 0x00003aa0
                0x20000408                . = ALIGN (0x4)
                0x20000408                __bss_start__ = .
                0x20000408                _sbss = __bss_start__
 *(.bss*)
 .bss           0x20000408       0x1c ..\obj\datalogger.o
                0x20000408                Ts_dec
 *fill*         0x20000424        0x4 
 .bss           0x20000428       0x30 ..\obj\main.o
 *(COMMON)
 COMMON         0x20000458        0x8 ..\obj\delay.o
                0x20000458                _USDELAY_BASE
                0x2000045c                _MSDELAY_BASE
 COMMON         0x20000460       0x72 ..\obj\datalogger.o
                0x20000460                j
                0x20000464                internalSign
                0x20000466                internalT
                0x20000468                ulPeriod
                0x2000046c                iTemp
                0x20000470                oneWirePort
                0x2000047c                allRoms
                0x200004b4                data
                0x200004c0                internalDec
                0x200004c8                Ts_internal
                0x200004d0                Ts_sign
 *fill*         0x200004d2        0x2 
 COMMON         0x200004d4        0x2 ..\obj\oneWire.o
                0x200004d4                usedTimer
                0x200004d8                . = ALIGN (0x4)
 *fill*         0x200004d6        0x2 
                0x200004d8                __bss_end__ = .
                0x200004d8                _ebss = __bss_end__

.heap           0x200004d8        0x0
                0x200004d8                __end__ = .
                0x200004d8                _end = __end__
                0x200004d8                end = __end__
 *(.heap*)
                0x200004d8                __HeapLimit = .

.co_stack       0x200004d8      0x800 load address 0x00003b70
                0x200004d8                . = ALIGN (0x8)
 *(.co_stack .co_stack.*)
 .co_stack      0x200004d8      0x800 ..\obj\startup_Cortex_M4.o
                0x200004d8                pulStack
                0x20008000                __StackTop = (ORIGIN (ram) + 0x8000)
                0x20007800                __StackLimit = (__StackTop - SIZEOF (.co_stack))
                0x20008000                PROVIDE (__stack, __StackTop)
                0x00000001                ASSERT ((__StackLimit >= __HeapLimit), region ram  overflowed with stack)
LOAD ..\obj\hibernate.o
LOAD ..\obj\delay.o
LOAD ..\obj\datalogger.o
LOAD ..\obj\i2c.o
LOAD ..\obj\flash.o
LOAD ..\obj\timer.o
LOAD ..\obj\emac.o
LOAD ..\obj\pwm.o
LOAD ..\obj\uart.o
LOAD ..\obj\fpu.o
LOAD ..\obj\sw_crc.o
LOAD ..\obj\epi.o
LOAD ..\obj\main.o
LOAD ..\obj\sysctl.o
LOAD ..\obj\usb.o
LOAD ..\obj\shamd5.o
LOAD ..\obj\can.o
LOAD ..\obj\watchdog.o
LOAD ..\obj\comp.o
LOAD ..\obj\gpio.o
LOAD ..\obj\aes.o
LOAD ..\obj\crc.o
LOAD ..\obj\interrupt.o
LOAD ..\obj\mpu.o
LOAD ..\obj\syscalls.o
LOAD ..\obj\ssi.o
LOAD ..\obj\adc.o
LOAD ..\obj\ff.o
LOAD ..\obj\oneWire.o
LOAD ..\obj\lcd.o
LOAD ..\obj\qei.o
LOAD ..\obj\mmc-dk-tm4c123g.o
LOAD ..\obj\sysexc.o
LOAD ..\obj\startup_Cortex_M4.o
LOAD ..\obj\cpu.o
LOAD ..\obj\systick.o
LOAD ..\obj\udma.o
LOAD ..\obj\des.o
LOAD ..\obj\eeprom.o
START GROUP
LOAD c:/program files (x86)/gnu tools arm embedded/4.9 2015q1/bin/../lib/gcc/arm-none-eabi/4.9.3/armv7e-m\libgcc.a
LOAD c:/program files (x86)/gnu tools arm embedded/4.9 2015q1/bin/../lib/gcc/arm-none-eabi/4.9.3/../../../../arm-none-eabi/lib/armv7e-m\libg.a
LOAD c:/program files (x86)/gnu tools arm embedded/4.9 2015q1/bin/../lib/gcc/arm-none-eabi/4.9.3/../../../../arm-none-eabi/lib/armv7e-m\libc.a
END GROUP
OUTPUT(Test033 - OneWirev4.elf elf32-littlearm)

.debug_info     0x00000000     0x59b8
 .debug_info    0x00000000       0xd4 ..\obj\delay.o
 .debug_info    0x000000d4     0x1373 ..\obj\datalogger.o
 .debug_info    0x00001447      0xc0a ..\obj\i2c.o
 .debug_info    0x00002051      0xab9 ..\obj\timer.o
 .debug_info    0x00002b0a      0x161 ..\obj\fpu.o
 .debug_info    0x00002c6b      0x1a3 ..\obj\main.o
 .debug_info    0x00002e0e      0xac6 ..\obj\sysctl.o
 .debug_info    0x000038d4      0xc60 ..\obj\gpio.o
 .debug_info    0x00004534      0x448 ..\obj\interrupt.o
 .debug_info    0x0000497c      0x696 ..\obj\ssi.o
 .debug_info    0x00005012      0x715 ..\obj\oneWire.o
 .debug_info    0x00005727      0x142 ..\obj\startup_Cortex_M4.o
 .debug_info    0x00005869      0x14f ..\obj\cpu.o

.debug_abbrev   0x00000000      0xec6
 .debug_abbrev  0x00000000       0x64 ..\obj\delay.o
 .debug_abbrev  0x00000064      0x2cd ..\obj\datalogger.o
 .debug_abbrev  0x00000331      0x11e ..\obj\i2c.o
 .debug_abbrev  0x0000044f      0x127 ..\obj\timer.o
 .debug_abbrev  0x00000576       0x9d ..\obj\fpu.o
 .debug_abbrev  0x00000613       0x94 ..\obj\main.o
 .debug_abbrev  0x000006a7      0x1a7 ..\obj\sysctl.o
 .debug_abbrev  0x0000084e      0x104 ..\obj\gpio.o
 .debug_abbrev  0x00000952      0x125 ..\obj\interrupt.o
 .debug_abbrev  0x00000a77      0x11e ..\obj\ssi.o
 .debug_abbrev  0x00000b95      0x19f ..\obj\oneWire.o
 .debug_abbrev  0x00000d34       0xc8 ..\obj\startup_Cortex_M4.o
 .debug_abbrev  0x00000dfc       0xca ..\obj\cpu.o

.debug_aranges  0x00000000      0xb28
 .debug_aranges
                0x00000000       0x28 ..\obj\delay.o
 .debug_aranges
                0x00000028      0x160 ..\obj\datalogger.o
 .debug_aranges
                0x00000188      0x1d0 ..\obj\i2c.o
 .debug_aranges
                0x00000358      0x150 ..\obj\timer.o
 .debug_aranges
                0x000004a8       0x60 ..\obj\fpu.o
 .debug_aranges
                0x00000508       0x20 ..\obj\main.o
 .debug_aranges
                0x00000528      0x1e0 ..\obj\sysctl.o
 .debug_aranges
                0x00000708      0x190 ..\obj\gpio.o
 .debug_aranges
                0x00000898       0xa0 ..\obj\interrupt.o
 .debug_aranges
                0x00000938       0xd8 ..\obj\ssi.o
 .debug_aranges
                0x00000a10       0xa8 ..\obj\oneWire.o
 .debug_aranges
                0x00000ab8       0x28 ..\obj\startup_Cortex_M4.o
 .debug_aranges
                0x00000ae0       0x48 ..\obj\cpu.o

.debug_ranges   0x00000000      0xa58
 .debug_ranges  0x00000000       0x18 ..\obj\delay.o
 .debug_ranges  0x00000018      0x150 ..\obj\datalogger.o
 .debug_ranges  0x00000168      0x1c0 ..\obj\i2c.o
 .debug_ranges  0x00000328      0x140 ..\obj\timer.o
 .debug_ranges  0x00000468       0x50 ..\obj\fpu.o
 .debug_ranges  0x000004b8       0x10 ..\obj\main.o
 .debug_ranges  0x000004c8      0x1d0 ..\obj\sysctl.o
 .debug_ranges  0x00000698      0x180 ..\obj\gpio.o
 .debug_ranges  0x00000818       0x90 ..\obj\interrupt.o
 .debug_ranges  0x000008a8       0xc8 ..\obj\ssi.o
 .debug_ranges  0x00000970       0x98 ..\obj\oneWire.o
 .debug_ranges  0x00000a08       0x18 ..\obj\startup_Cortex_M4.o
 .debug_ranges  0x00000a20       0x38 ..\obj\cpu.o

.debug_line     0x00000000     0x334e
 .debug_line    0x00000000       0x85 ..\obj\delay.o
 .debug_line    0x00000085      0x813 ..\obj\datalogger.o
 .debug_line    0x00000898      0x5d1 ..\obj\i2c.o
 .debug_line    0x00000e69      0x5ab ..\obj\timer.o
 .debug_line    0x00001414      0x1ca ..\obj\fpu.o
 .debug_line    0x000015de       0x98 ..\obj\main.o
 .debug_line    0x00001676      0x71d ..\obj\sysctl.o
 .debug_line    0x00001d93      0x7fb ..\obj\gpio.o
 .debug_line    0x0000258e      0x2d8 ..\obj\interrupt.o
 .debug_line    0x00002866      0x37d ..\obj\ssi.o
 .debug_line    0x00002be3      0x45d ..\obj\oneWire.o
 .debug_line    0x00003040      0x16f ..\obj\startup_Cortex_M4.o
 .debug_line    0x000031af      0x19f ..\obj\cpu.o

.debug_str      0x00000000     0x2683
 .debug_str     0x00000000      0x185 ..\obj\delay.o
                                0x1b9 (size before relaxing)
 .debug_str     0x00000185      0x713 ..\obj\datalogger.o
                                0x8ef (size before relaxing)
 .debug_str     0x00000898      0x552 ..\obj\i2c.o
                                0x6b8 (size before relaxing)
 .debug_str     0x00000dea      0x3dd ..\obj\timer.o
                                0x567 (size before relaxing)
 .debug_str     0x000011c7       0xe6 ..\obj\fpu.o
                                0x1fa (size before relaxing)
 .debug_str     0x000012ad       0x46 ..\obj\main.o
                                0x207 (size before relaxing)
 .debug_str     0x000012f3      0x6ca ..\obj\sysctl.o
                                0x839 (size before relaxing)
 .debug_str     0x000019bd      0x4f1 ..\obj\gpio.o
                                0x677 (size before relaxing)
 .debug_str     0x00001eae      0x1d5 ..\obj\interrupt.o
                                0x368 (size before relaxing)
 .debug_str     0x00002083      0x2a4 ..\obj\ssi.o
                                0x453 (size before relaxing)
 .debug_str     0x00002327      0x21a ..\obj\oneWire.o
                                0x3b7 (size before relaxing)
 .debug_str     0x00002541       0xb5 ..\obj\startup_Cortex_M4.o
                                0x1d2 (size before relaxing)
 .debug_str     0x000025f6       0x8d ..\obj\cpu.o
                                0x1a9 (size before relaxing)

.comment        0x00000000       0x70
 .comment       0x00000000       0x70 ..\obj\delay.o
                                 0x71 (size before relaxing)
 .comment       0x00000000       0x71 ..\obj\datalogger.o
 .comment       0x00000000       0x71 ..\obj\i2c.o
 .comment       0x00000000       0x71 ..\obj\timer.o
 .comment       0x00000000       0x71 ..\obj\fpu.o
 .comment       0x00000000       0x71 ..\obj\main.o
 .comment       0x00000000       0x71 ..\obj\sysctl.o
 .comment       0x00000000       0x71 ..\obj\gpio.o
 .comment       0x00000000       0x71 ..\obj\interrupt.o
 .comment       0x00000000       0x71 ..\obj\ssi.o
 .comment       0x00000000       0x71 ..\obj\oneWire.o
 .comment       0x00000000       0x71 ..\obj\startup_Cortex_M4.o
 .comment       0x00000000       0x71 ..\obj\cpu.o

.ARM.attributes
                0x00000000       0x33
 .ARM.attributes
                0x00000000       0x33 ..\obj\delay.o
 .ARM.attributes
                0x00000033       0x33 ..\obj\datalogger.o
 .ARM.attributes
                0x00000066       0x33 ..\obj\i2c.o
 .ARM.attributes
                0x00000099       0x33 ..\obj\timer.o
 .ARM.attributes
                0x000000cc       0x33 ..\obj\fpu.o
 .ARM.attributes
                0x000000ff       0x33 ..\obj\main.o
 .ARM.attributes
                0x00000132       0x33 ..\obj\sysctl.o
 .ARM.attributes
                0x00000165       0x33 ..\obj\gpio.o
 .ARM.attributes
                0x00000198       0x33 ..\obj\interrupt.o
 .ARM.attributes
                0x000001cb       0x33 ..\obj\ssi.o
 .ARM.attributes
                0x000001fe       0x33 ..\obj\oneWire.o
 .ARM.attributes
                0x00000231       0x33 ..\obj\startup_Cortex_M4.o
 .ARM.attributes
                0x00000264       0x33 ..\obj\cpu.o
 .ARM.attributes
                0x00000297       0x1e c:/program files (x86)/gnu tools arm embedded/4.9 2015q1/bin/../lib/gcc/arm-none-eabi/4.9.3/armv7e-m\libgcc.a(_arm_addsubdf3.o)
 .ARM.attributes
                0x000002b5       0x1e c:/program files (x86)/gnu tools arm embedded/4.9 2015q1/bin/../lib/gcc/arm-none-eabi/4.9.3/armv7e-m\libgcc.a(_arm_muldivdf3.o)
 .ARM.attributes
                0x000002d3       0x1e c:/program files (x86)/gnu tools arm embedded/4.9 2015q1/bin/../lib/gcc/arm-none-eabi/4.9.3/armv7e-m\libgcc.a(_arm_cmpdf2.o)
 .ARM.attributes
                0x000002f1       0x1e c:/program files (x86)/gnu tools arm embedded/4.9 2015q1/bin/../lib/gcc/arm-none-eabi/4.9.3/armv7e-m\libgcc.a(_arm_truncdfsf2.o)
 .ARM.attributes
                0x0000030f       0x1e c:/program files (x86)/gnu tools arm embedded/4.9 2015q1/bin/../lib/gcc/arm-none-eabi/4.9.3/armv7e-m\libgcc.a(_arm_addsubsf3.o)
 .ARM.attributes
                0x0000032d       0x1e c:/program files (x86)/gnu tools arm embedded/4.9 2015q1/bin/../lib/gcc/arm-none-eabi/4.9.3/armv7e-m\libgcc.a(_arm_muldivsf3.o)

.debug_frame    0x00000000     0x2f60
 .debug_frame   0x00000000       0x58 ..\obj\delay.o
 .debug_frame   0x00000058      0x5e8 ..\obj\datalogger.o
 .debug_frame   0x00000640      0x898 ..\obj\i2c.o
 .debug_frame   0x00000ed8      0x628 ..\obj\timer.o
 .debug_frame   0x00001500      0x150 ..\obj\fpu.o
 .debug_frame   0x00001650       0x30 ..\obj\main.o
 .debug_frame   0x00001680      0x844 ..\obj\sysctl.o
 .debug_frame   0x00001ec4      0x6f8 ..\obj\gpio.o
 .debug_frame   0x000025bc      0x280 ..\obj\interrupt.o
 .debug_frame   0x0000283c      0x3c8 ..\obj\ssi.o
 .debug_frame   0x00002c04      0x2a0 ..\obj\oneWire.o
 .debug_frame   0x00002ea4       0x4c ..\obj\startup_Cortex_M4.o
 .debug_frame   0x00002ef0       0x70 ..\obj\cpu.o
